7zip
alsa-utils
amd-ucode
aspnet-runtime
aspnet-targeting-pack
aws-cli-v2
base-devel
blueman
bluez
bluez-utils
brightnessctl
bun
cliphist
csvlens
darkman
deluge
deluge-gtk
dnsmasq
docker
docker-buildx
docker-compose
dotnet-runtime
dotnet-sdk
earlyoom
efibootmgr
egl-wayland
exfat-utils
fastfetch
fd
ffmpegthumbnailer
firefox
fish
fprintd
fuzzel
fzf
ghostty
git
github-cli
gnome-keyring
gparted
grim
grub
gsettings-desktop-schemas
gspell
gtk4
gvfs
gvfs-mtp
gvfs-smb
htop
hypridle
hyprland
hyprlock
hyprpaper
jq
kitty
libldac
libreoffice-fresh
libva-nvidia-driver
lightdm
lightdm-slick-greeter
linux
linux-firmware
linux-headers
lsof
lvm2
mako
man-db
man-pages
mesa-utils
mono
mousepad
mpv
neovim
network-manager-applet
networkmanager
npm
ntfs-3g
nvidia-open
nvidia-utils
nvm
nwg-displays
nwg-look
obsidian
os-prober
papirus-icon-theme
parallel
pavucontrol
pgformatter
pipewire
pipewire-alsa
pipewire-pulse
playerctl
polkit-gnome
pre-commit
python-pipx
python-tox
qmk
qpdf
qt5-wayland
qt5ct
qt6-wayland
qt6ct
rclone
ruff
samba
shfmt
signal-desktop
slurp
sof-firmware
sshfs
starship
swappy
tailscale
thunar
thunar-archive-plugin
thunar-media-tags-plugin
thunar-shares-plugin
thunar-volman
tlp
tmux
tree
tree-sitter-cli
ttf-anonymous-pro
ttf-dejavu
ttf-firacode-nerd
ttf-liberation
tumbler
unixodbc
unrar
unzip
uv
vlc
vulkan-headers
waybar
wget
wireplumber
wl-clipboard
xdg-desktop-portal-gtk
xdg-desktop-portal-hyprland
xorg-xwayland
yarn
yq
yt-dlp
zip
zram-generator
