7zip
alsa-utils
amd-ucode
appmenu-gtk-module
azure-cli
base-devel
bind
blueman
bluez
bluez-utils
brightnessctl
chromium
cliphist
csvlens
dnsmasq
docker
docker-buildx
docker-compose
dunst
earlyoom
efibootmgr
egl-wayland
exfat-utils
fastfetch
fd
ffmpegthumbnailer
firefox
fish
fprintd
fzf
gdb
gimp
git
github-cli
gnome-keyring
gparted
grim
grub
gspell
gtk4
gvfs
gvfs-mtp
gvfs-smb
htop
hwinfo
hypridle
hyprland
hyprlock
hyprpaper
inkscape
jq
kitty
libldac
libva-nvidia-driver
libvirt
lightdm
lightdm-slick-greeter
linux
linux-firmware
linux-headers
lshw
lsof
lvm2
lxappearance
man-db
man-pages
mesa-utils
mousepad
mtr
ncdu
neovim
net-tools
network-manager-applet
networkmanager
nmap
ntfs-3g
nvidia-open-dkms
nvidia-utils
obsidian
os-prober
papirus-icon-theme
parallel
pavucontrol
pipewire
pipewire-alsa
pipewire-pulse
playerctl
polkit-gnome
pre-commit
python-black
python-pipx
python-tox
qemu-full
qmk
qpdf
qt5-wayland
qt5ct
qt6-wayland
rclone
rofi
samba
shfmt
signal-desktop
slurp
sof-firmware
sshfs
strace
swappy
swtpm
tailscale
terminator
terraform
testdisk
thunar
thunar-archive-plugin
thunar-media-tags-plugin
thunar-shares-plugin
thunar-volman
tlp
tmux
tree
ttf-anonymous-pro
ttf-dejavu
ttf-firacode-nerd
ttf-liberation
tumbler
unixodbc
unrar
unzip
uv
virt-manager
vlc
vulkan-headers
waybar
webkit2gtk
wget
whois
wireplumber
wireshark-qt
wl-clipboard
xdg-desktop-portal-gtk
xdg-desktop-portal-hyprland
xorg-xwayland
yarn
yq
zip
zram-generator
