7zip
alsa-utils
amd-ucode
appmenu-gtk-module
base-devel
blueman
bluez
bluez-utils
brightnessctl
cliphist
csvlens
dnsmasq
docker
docker-buildx
docker-compose
earlyoom
efibootmgr
egl-wayland
exfat-utils
fastfetch
fd
ffmpegthumbnailer
firefox
fish
fprintd
fuzzel
fzf
ghostty
git
github-cli
gnome-keyring
gparted
grim
grub
gspell
gtk4
gvfs
gvfs-mtp
gvfs-smb
htop
hypridle
hyprland
hyprlock
hyprpaper
jq
kitty
libldac
libva-nvidia-driver
lightdm
lightdm-slick-greeter
linux
linux-firmware
linux-headers
lsof
lvm2
lxappearance
mako
man-db
man-pages
mesa-utils
mousepad
neovim
network-manager-applet
networkmanager
ntfs-3g
nvidia-open-dkms
nvidia-utils
obsidian
os-prober
papirus-icon-theme
parallel
pavucontrol
pipewire
pipewire-alsa
pipewire-pulse
playerctl
polkit-gnome
pre-commit
python-black
python-pipx
python-tox
qmk
qpdf
qt5-wayland
qt5ct
qt6-wayland
rclone
samba
shfmt
signal-desktop
slurp
sof-firmware
sshfs
swappy
tailscale
thunar
thunar-archive-plugin
thunar-media-tags-plugin
thunar-shares-plugin
thunar-volman
tlp
tmux
tree
ttf-anonymous-pro
ttf-dejavu
ttf-firacode-nerd
ttf-liberation
tumbler
unixodbc
unrar
unzip
uv
vlc
vulkan-headers
waybar
webkit2gtk
wget
wireplumber
wl-clipboard
xdg-desktop-portal-gtk
xdg-desktop-portal-hyprland
xorg-xwayland
yarn
yq
zip
zram-generator
